// Jest Snapshot v1, https://goo.gl/fbAQLP

exports[`Render Campaign Page Component 1`] = `
<div
  style={
    Object {
      "display": "flex",
      "flexDirection": "row",
      "flexWrap": "wrap",
      "justifyContent": "center",
    }
  }
/>
`;
